This is pdfTeX, Version 3.141592653-2.6-1.40.29 (MiKTeX 26.5) (preloaded format=pdflatex 2026.6.16)  22 JUN 2026 22:17
entering extended mode
 restricted \write18 enabled.
 file:line:error style messages enabled.
 %&-line parsing enabled.
**c:/Users/henri/Desktop/TCC/_Monografia/monografia_bcc.tex
(c:/Users/henri/Desktop/TCC/_Monografia/monografia_bcc.tex
LaTeX2e <2026-06-01>
L3 programming layer <2026-05-26>
(abntex2.cls
Document Class: abntex2 2018/11/24 v-1.9.7 abnTeX2
(C:\Users\henri\AppData\Local\Programs\MiKTeX\tex/latex/base\ifthen.sty
Package: ifthen 2024/03/16 v1.1e Standard LaTeX ifthen package (DPC)
) (C:\Users\henri\AppData\Local\Programs\MiKTeX\tex/latex/memoir\memoir.cls
Document Class: memoir 2025/11/04 v3.8.4b configurable book, report, article document class
(C:\Users\henri\AppData\Local\Programs\MiKTeX\tex/latex/xpatch\xpatch.sty (C:\Users\henri\AppData\Local\Programs\MiKTeX\tex/latex/l3kernel\expl3.sty
Package: expl3 2026-05-26 L3 programming layer (loader) 
 (C:\Users\henri\AppData\Local\Programs\MiKTeX\tex/latex/l3backend\l3backend-pdftex.def
File: l3backend-pdftex.def 2026-02-18 L3 backend support: PDF output (pdfTeX)
\l__color_backend_stack_int=\count276
))
Package: xpatch 2020/03/25 v0.3a Extending etoolbox patching commands
 (C:\Users\henri\AppData\Local\Programs\MiKTeX\tex/latex/l3packages/xparse\xparse.sty
Package: xparse 2025-10-09 L3 Experimental document command parser
) (C:\Users\henri\AppData\Local\Programs\MiKTeX\tex/latex/etoolbox\etoolbox.sty
Package: etoolbox 2025/10/02 v2.5m e-TeX tools for LaTeX (JAW)
\etb@tempcnta=\count277
))
\onelineskip=\skip49
\lxvchars=\skip50
\xlvchars=\skip51
\@memcnta=\count278
\c@@memmarkcntra=\count279
 (C:\Users\henri\AppData\Local\Programs\MiKTeX\tex/generic/iftex\iftex.sty
Package: iftex 2024/12/12 v1.0g TeX engine tests
)
\trimtop=\skip52
\trimedge=\skip53
 (C:\Users\henri\AppData\Local\Programs\MiKTeX\tex/latex/memoir\mem12.clo
File: mem12.clo 2022/07/29 v0.5 memoir class 12pt size option
)
\binding=\skip54
\spinemargin=\skip55
\foremargin=\skip56
\uppermargin=\skip57
\lowermargin=\skip58
\headdrop=\skip59
\normalrulethickness=\skip60
\mem@maxheadheight=\skip61
\mem@maxfootheight=\skip62
\headwidth=\skip63
\c@storedpagenumber=\count280
\memPD=\dimen150
\m@mabparskip=\skip64
\thanksmarkwidth=\skip65
\thanksmarksep=\skip66
\droptitle=\skip67
\c@book=\count281
\c@part=\count282
\c@chapter=\count283
\c@section=\count284
\c@subsection=\count285
\c@subsubsection=\count286
\c@paragraph=\count287
\c@subparagraph=\count288
\beforechapskip=\skip68
\midchapskip=\skip69
\afterchapskip=\skip70
\chapindent=\skip71
\bottomsectionskip=\skip72
\secindent=\skip73
\beforesecskip=\skip74
\aftersecskip=\skip75
\subsecindent=\skip76
\beforesubsecskip=\skip77
\aftersubsecskip=\skip78
\subsubsecindent=\skip79
\beforesubsubsecskip=\skip80
\aftersubsubsecskip=\skip81
\paraindent=\skip82
\beforeparaskip=\skip83
\afterparaskip=\skip84
\subparaindent=\skip85
\beforesubparaskip=\skip86
\aftersubparaskip=\skip87
\pfbreakskip=\skip88
\c@@ppsavesec=\count289
\c@@ppsaveapp=\count290
\ragrparindent=\dimen151
\everylistparindent=\dimen152
\parsepi=\skip89
\topsepi=\skip90
\itemsepi=\skip91
\parsepii=\skip92
\topsepii=\skip93
\topsepiii=\skip94
\itemsepii=\skip95
\itemsepiii=\skip96
\partopsepii=\skip97
\partopsepiii=\skip98
\m@msavetopsep=\skip99
\m@msavepartopsep=\skip100
\@enLab=\toks17
\abstitleskip=\skip101
\absleftindent=\skip102
\abs@leftindent=\dimen153
\absrightindent=\skip103
\absparindent=\skip104
\absparsep=\skip105
\c@vslineno=\count291
\c@poemline=\count292
\c@modulo@vs=\count293
\c@memfvsline=\count294
\vleftskip=\skip106
\vrightskip=\skip107
\stanzaskip=\skip108
\versewidth=\skip109
\vgap=\skip110
\vindent=\skip111
\vleftmargin=\dimen154
\c@verse=\count295
\c@chrsinstr=\count296
\beforepoemtitleskip=\skip112
\afterpoemtitleskip=\skip113
\c@poem=\count297
\beforePoemTitleskip=\skip114
\midPoemTitleskip=\skip115
\afterPoemTitleskip=\skip116
 (C:\Users\henri\AppData\Local\Programs\MiKTeX\tex/latex/tools\array.sty
Package: array 2026/02/24 v2.7b Tabular extension package (FMi)
\col@sep=\dimen155
\ar@mcellbox=\box53
\extrarowheight=\dimen156
\NC@list=\toks18
\extratabsurround=\skip117
\backup@length=\skip118
\ar@cellbox=\box54
) (C:\Users\henri\AppData\Local\Programs\MiKTeX\tex/latex/tools\dcolumn.sty
Package: dcolumn 2025/10/21 v1.06 decimal alignment package (DPC)
) (C:\Users\henri\AppData\Local\Programs\MiKTeX\tex/latex/tools\delarray.sty
Package: delarray 2014/10/28 v1.01 array delimiter package (DPC)
) (C:\Users\henri\AppData\Local\Programs\MiKTeX\tex/latex/tools\tabularx.sty
Package: tabularx 2023/12/11 v2.12a `tabularx' package (DPC)
\TX@col@width=\dimen157
\TX@old@table=\dimen158
\TX@old@col=\dimen159
\TX@target=\dimen160
\TX@delta=\dimen161
\TX@cols=\count298
\TX@ftn=\toks19
) (C:\Users\henri\AppData\Local\Programs\MiKTeX\tex/latex/booktabs\booktabs.sty
Package: booktabs 2020/01/12 v1.61803398 Publication quality tables
\heavyrulewidth=\dimen162
\lightrulewidth=\dimen163
\cmidrulewidth=\dimen164
\belowrulesep=\dimen165
\belowbottomsep=\dimen166
\aboverulesep=\dimen167
\abovetopsep=\dimen168
\cmidrulesep=\dimen169
\cmidrulekern=\dimen170
\defaultaddspace=\dimen171
\@cmidla=\count299
\@cmidlb=\count300
\@aboverulesep=\dimen172
\@belowrulesep=\dimen173
\@thisruleclass=\count301
\@lastruleclass=\count302
\@thisrulewidth=\dimen174
)
\ctableftskip=\skip119
\ctabrightskip=\skip120
\abovecolumnspenalty=\count303
\@linestogo=\count304
\@cellstogo=\count305
\@cellsincolumn=\count306
\crtok=\toks20
\@mincolumnwidth=\dimen175
\c@newflo@tctr=\count307
\mem@margin@floatbox=\box55
\@contcwidth=\skip121
\@contindw=\skip122
\abovecaptionskip=\skip123
\belowcaptionskip=\skip124
\subfloattopskip=\skip125
\subfloatcapskip=\skip126
\subfloatcaptopadj=\skip127
\subfloatbottomskip=\skip128
\subfloatlabelskip=\skip129
\subfloatcapmargin=\dimen176
\c@@contsubnum=\count308
\m@mscap@capbox=\box56
\m@mscap@fbox=\box57
\sidecapsep=\dimen177
\sidecapwidth=\dimen178
\m@m@tempdima=\dimen179
\m@mscapraise=\dimen180
\sidecapraise=\dimen181
\m@mscapmainwidth=\dimen182
\m@mscaplkern=\dimen183
\beforeepigraphskip=\skip130
\afterepigraphskip=\skip131
\epigraphwidth=\skip132
\epigraphrule=\skip133
 (C:\Users\henri\AppData\Local\Programs\MiKTeX\tex/latex/hyperref\nameref.sty
Package: nameref 2026-01-29 v2.58 Cross-referencing by name of section
 (C:\Users\henri\AppData\Local\Programs\MiKTeX\tex/latex/refcount\refcount.sty
Package: refcount 2019/12/15 v3.6 Data extraction from label references (HO)
 (C:\Users\henri\AppData\Local\Programs\MiKTeX\tex/generic/ltxcmds\ltxcmds.sty
Package: ltxcmds 2023-12-04 v1.26 LaTeX kernel commands for general use (HO)
) (C:\Users\henri\AppData\Local\Programs\MiKTeX\tex/generic/infwarerr\infwarerr.sty
Package: infwarerr 2019/12/03 v1.5 Providing info/warning/error messages (HO)
)) (C:\Users\henri\AppData\Local\Programs\MiKTeX\tex/generic/gettitlestring\gettitlestring.sty
Package: gettitlestring 2019/12/15 v1.6 Cleanup title references (HO)
 (C:\Users\henri\AppData\Local\Programs\MiKTeX\tex/latex/kvoptions\kvoptions.sty
Package: kvoptions 2022-06-15 v3.15 Key value format for package options (HO)
 (C:\Users\henri\AppData\Local\Programs\MiKTeX\tex/latex/graphics\keyval.sty
Package: keyval 2026-05-17 v1.15 key=value parser (DPC)
\KV@toks@=\toks21
) (C:\Users\henri\AppData\Local\Programs\MiKTeX\tex/latex/kvsetkeys\kvsetkeys.sty
Package: kvsetkeys 2022-10-05 v1.19 Key value parser (HO)
)))
\c@section@level=\count309
)
\tocentryskip=\skip134
\tocbaseline=\skip135
\cftparskip=\skip136
\cftbeforebookskip=\skip137
\cftbookindent=\dimen184
\cftbooknumwidth=\dimen185
\cftbeforepartskip=\skip138
\cftpartindent=\skip139
\cftpartnumwidth=\skip140
\cftbeforechapterskip=\skip141
\cftchapterindent=\skip142
\cftchapternumwidth=\skip143
\cftbeforesectionskip=\skip144
\cftsectionindent=\skip145
\cftsectionnumwidth=\skip146
\cftbeforesubsectionskip=\skip147
\cftsubsectionindent=\skip148
\cftsubsectionnumwidth=\skip149
\cftbeforesubsubsectionskip=\skip150
\cftsubsubsectionindent=\skip151
\cftsubsubsectionnumwidth=\skip152
\cftbeforeparagraphskip=\skip153
\cftparagraphindent=\skip154
\cftparagraphnumwidth=\skip155
\cftbeforesubparagraphskip=\skip156
\cftsubparagraphindent=\skip157
\cftsubparagraphnumwidth=\skip158
\prechapterprecisshift=\dimen186
\c@maxsecnumdepth=\count310
\bibindent=\dimen187
\bibitemsep=\skip159
\indexcolsep=\skip160
\indexrule=\skip161
\indexmarkstyle=\toks22
\@indexbox=\insert252
LaTeX Info: Redefining \raggedbottom on input line 8095.
LaTeX Info: Redefining \flushbottom on input line 8099.
\glossarycolsep=\dimen188
\glossaryrule=\dimen189
\sideparvshift=\skip162
\sideins=\insert251
\sidebartopsep=\skip163
\sidebarhsep=\skip164
\sidebarvsep=\skip165
\sidebarwidth=\skip166
\footmarkwidth=\skip167
\footmarksep=\skip168
\footparindent=\skip169
\footinsdim=\skip170
\footinsv@r=\insert250
\@mpfootinsv@r=\insert249
\m@m@k=\count311
\m@m@h=\dimen190
\m@mipn@skip=\skip171
\sidefootins=\insert248
\sidefootadjust=\skip172
\sidefootheight=\skip173
\sidefoothsep=\skip174
\sidefootvsep=\skip175
\sidefootwidth=\skip176
\m@mdownsf=\skip177
\c@sidefootnote=\count312
\sidefootmarkwidth=\skip178
\sidefootmarksep=\skip179
\sidefootparindent=\skip180
\c@pagenote=\count313
\c@pagenoteshadow=\count314
\mem@pn@lastkern=\skip181
 (C:\Users\henri\AppData\Local\Programs\MiKTeX\tex/latex/tools\verbatim.sty
Package: verbatim 2024-01-22 v1.5x LaTeX2e package for verbatim enhancements
\every@verbatim=\toks23
\verbatim@line=\toks24
\verbatim@in@stream=\read2
)
\verbatimindent=\skip182
\verbatim@out=\write3
 (C:\Users\henri\AppData\Local\Programs\MiKTeX\tex/latex/base\shortvrb.sty
Package: shortvrb 2026-03-13 v3.0r Standard LaTeX documentation package V3 (FMi)
)
\bvboxsep=\skip183
\c@memfbvline=\count315
\c@bvlinectr=\count316
\bvnumlength=\skip184
\fb@frw=\dimen191
\fb@frh=\dimen192
\FrameRule=\dimen193
\FrameSep=\dimen194
\c@cp@cntr=\count317
\c@ism@mctr=\count318
\c@xsm@mctr=\count319
\c@csm@mctr=\count320
\c@ksm@mctr=\count321
\c@xksm@mctr=\count322
\c@cksm@mctr=\count323
\c@msm@mctr=\count324
\c@xmsm@mctr=\count325
\c@cmsm@mctr=\count326
\c@bsm@mctr=\count327
\c@workm@mctr=\count328
\c@sheetsequence=\count329
\c@lastsheet=\count330
\c@lastpage=\count331
\c@figure=\count332
\c@lofdepth=\count333
\cftbeforefigureskip=\skip185
\cftfigureindent=\skip186
\cftfigurenumwidth=\skip187
\c@table=\count334
\c@lotdepth=\count335
\cftbeforetableskip=\skip188
\cfttableindent=\skip189
\cfttablenumwidth=\skip190
Package abstract [2008/07/23] emulated by memoir.
Package appendix [2008/07/23] emulated by memoir.
Package ccaption [2008/07/23] emulated by memoir.
Package changepage [2008/07/23] emulated by memoir.
Package chngcntr [2008/07/23] emulated by memoir.
Package chngpage [2008/07/23] emulated by memoir.
Package crop emulated by memoir.
Package enumerate [2008/07/23] emulated by memoir.
Package epigraph [2008/07/23] emulated by memoir.
Package ifmtarg [2008/07/23] emulated by memoir.
Package index [2008/07/23] emulated by memoir.
Package makeidx [2008/07/23] emulated by memoir.
Package moreverb [2008/07/23] emulated by memoir.
Package needspace [2008/07/23] emulated by memoir.
Package newfile [2008/07/23] emulated by memoir.
Package nextpage [2008/07/23] emulated by memoir.
Package pagenote [2008/07/23] emulated by memoir.
Package parskip [2008/07/23] emulated by memoir.
Package patchcmd [2008/07/23] emulated by memoir.
Package setspace [2008/07/23] emulated by memoir.
Package showidx [2008/07/23] emulated by memoir.
Package titleref [2008/07/23] emulated by memoir.
Package titling [2008/07/23] emulated by memoir.
Package tocbibind [2008/07/23] emulated by memoir.
Package tocloft [2008/07/23] emulated by memoir.
Package tocvsec2 [2008/07/23] emulated by memoir.
Package verse [2008/07/23] emulated by memoir.
) (C:\Users\henri\AppData\Local\Programs\MiKTeX\tex/latex/textcase\textcase.sty
Package: textcase 2025/02/16 v1.05 Text only upper/lower case changing (DPC)
Package textcase Info: Defining Legacy names on input line 20.
) (C:\Users\henri\AppData\Local\Programs\MiKTeX\tex/latex/hyperref\hyperref.sty
Package: hyperref 2026-04-24 v7.01q Hypertext links for LaTeX
 (C:\Users\henri\AppData\Local\Programs\MiKTeX\tex/generic/kvdefinekeys\kvdefinekeys.sty
Package: kvdefinekeys 2019-12-19 v1.6 Define keys (HO)
) (C:\Users\henri\AppData\Local\Programs\MiKTeX\tex/generic/pdfescape\pdfescape.sty
Package: pdfescape 2019/12/09 v1.15 Implements pdfTeX's escape features (HO)
 (C:\Users\henri\AppData\Local\Programs\MiKTeX\tex/generic/pdftexcmds\pdftexcmds.sty
Package: pdftexcmds 2020-06-27 v0.33 Utility functions of pdfTeX for LuaTeX (HO)
Package pdftexcmds Info: \pdf@primitive is available.
Package pdftexcmds Info: \pdf@ifprimitive is available.
Package pdftexcmds Info: \pdfdraftmode found.
)) (C:\Users\henri\AppData\Local\Programs\MiKTeX\tex/latex/hycolor\hycolor.sty
Package: hycolor 2020-01-27 v1.10 Color options for hyperref/bookmark (HO)
) (C:\Users\henri\AppData\Local\Programs\MiKTeX\tex/generic/stringenc\stringenc.sty
Package: stringenc 2019/11/29 v1.12 Convert strings between diff. encodings (HO)
)
\@linkdim=\dimen195
\Hy@linkcounter=\count336
\Hy@pagecounter=\count337
 (C:\Users\henri\AppData\Local\Programs\MiKTeX\tex/latex/hyperref\pd1enc.def
File: pd1enc.def 2026-04-24 v7.01q Hyperref: PDFDocEncoding definition (HO)
Now handling font encoding PD1 ...
... no UTF-8 mapping file for font encoding PD1
) (C:\Users\henri\AppData\Local\Programs\MiKTeX\tex/generic/intcalc\intcalc.sty
Package: intcalc 2019/12/15 v1.3 Expandable calculations with integers (HO)
)
\Hy@SavedSpaceFactor=\count338
 (C:\Users\henri\AppData\Local\Programs\MiKTeX\tex/latex/hyperref\puenc.def
File: puenc.def 2026-04-24 v7.01q Hyperref: PDF Unicode definition (HO)
Now handling font encoding PU ...
... no UTF-8 mapping file for font encoding PU
)
Package hyperref Info: Hyper figures OFF on input line 4199.
Package hyperref Info: Link nesting OFF on input line 4204.
Package hyperref Info: Hyper index ON on input line 4207.
Package hyperref Info: Plain pages OFF on input line 4214.
Package hyperref Info: Backreferencing OFF on input line 4219.
Package hyperref Info: Implicit mode ON; LaTeX internals redefined.
Package hyperref Info: Bookmarks ON on input line 4466.
\c@Hy@tempcnt=\count339
 (C:\Users\henri\AppData\Local\Programs\MiKTeX\tex/latex/url\url.sty
\Urlmuskip=\muskip17
Package: url 2013/09/16  ver 3.4  Verb mode for urls, etc.
)
LaTeX Info: Redefining \url on input line 4805.
\XeTeXLinkMargin=\dimen196
 (C:\Users\henri\AppData\Local\Programs\MiKTeX\tex/generic/bitset\bitset.sty
Package: bitset 2019/12/09 v1.3 Handle bit-vector datatype (HO)
 (C:\Users\henri\AppData\Local\Programs\MiKTeX\tex/generic/bigintcalc\bigintcalc.sty
Package: bigintcalc 2019/12/15 v1.5 Expandable calculations on big integers (HO)
))
\Fld@menulength=\count340
\Field@Width=\dimen197
\Fld@charsize=\dimen198
Package hyperref Info: Hyper figures OFF on input line 6091.
Package hyperref Info: Link nesting OFF on input line 6096.
Package hyperref Info: Hyper index ON on input line 6099.
Package hyperref Info: backreferencing OFF on input line 6106.
Package hyperref Info: Link coloring OFF on input line 6111.
Package hyperref Info: Link coloring with OCG OFF on input line 6116.
Package hyperref Info: PDF/A mode OFF on input line 6121.
\Hy@abspage=\count341
\c@Item=\count342
\c@Hfootnote=\count343
)
Package hyperref Info: Driver (autodetected): hpdftex.
 (C:\Users\henri\AppData\Local\Programs\MiKTeX\tex/latex/hyperref\hpdftex.def
File: hpdftex.def 2026-04-24 v7.01q Hyperref driver for pdfTeX
\Fld@listcount=\count344
\c@bookmark@seq@number=\count345
 (C:\Users\henri\AppData\Local\Programs\MiKTeX\tex/latex/rerunfilecheck\rerunfilecheck.sty
Package: rerunfilecheck 2025-06-21 v1.11 Rerun checks for auxiliary files (HO)
 (C:\Users\henri\AppData\Local\Programs\MiKTeX\tex/generic/uniquecounter\uniquecounter.sty
Package: uniquecounter 2019/12/15 v1.4 Provide unlimited unique counter (HO)
)
Package uniquecounter Info: New unique counter `rerunfilecheck' on input line 284.
)
\Hy@SectionHShift=\skip191
) (C:\Users\henri\AppData\Local\Programs\MiKTeX\tex/latex/memoir\memhfixc.sty
Package: memhfixc 2025/09/16 v1.24 hyperref package fixes for memoir class
\c@memhycontfloat=\count346
\c@mem@Hpagenote=\count347
) (C:\Users\henri\AppData\Local\Programs\MiKTeX\tex/latex/bookmark\bookmark.sty
Package: bookmark 2026-05-21 v1.32 PDF bookmarks (HO)
 (C:\Users\henri\AppData\Local\Programs\MiKTeX\tex/latex/bookmark\bkm-pdftex.def
File: bkm-pdftex.def 2026-05-21 v1.32 bookmark driver for pdfTeX (HO)
\BKM@id=\count348
)) (C:\Users\henri\AppData\Local\Programs\MiKTeX\tex/generic/babel\babel.sty
Package: babel 2026/05/20 v26.8 The multilingual framework for LuaLaTeX, pdfLaTeX and XeLaTeX
\babel@savecnt=\count349
LaTeX Encoding Info:    Redeclaring text command \ij (encoding OT1) on input line 2084.
LaTeX Encoding Info:    Redeclaring text command \IJ (encoding OT1) on input line 2086.
LaTeX Encoding Info:    Redeclaring text command \ij (encoding T1) on input line 2088.
LaTeX Encoding Info:    Redeclaring text command \IJ (encoding T1) on input line 2089.
LaTeX Encoding Info:    Ignoring declaration for text command \ij (encoding ?) on input line 2090.
LaTeX Encoding Info:    Ignoring declaration for text command \IJ (encoding ?) on input line 2092.
LaTeX Encoding Info:    Ignoring declaration for text command \SS (encoding ?) on input line 2117.
\U@D=\dimen199
\l@unhyphenated=\language79
 (C:\Users\henri\AppData\Local\Programs\MiKTeX\tex/generic/babel\txtbabel.def)
\bbl@readstream=\read3
\bbl@dirlevel=\count350
Package babel Info: Configuration files are deprecated, as
(babel)             they can break document portability.
(babel)             Reported on input line 4228.

*************************************
* Local config file bblopts.cfg used
*
(C:\Users\henri\AppData\Local\Programs\MiKTeX\tex/latex/arabi\bblopts.cfg
File: bblopts.cfg 2005/09/08 v0.1 add Arabic and Farsi to "declared" options of babel
) (C:\Users\henri\AppData\Local\Programs\MiKTeX\tex/generic/babel/locale/en\babel-english.tex) (C:\Users\henri\AppData\Local\Programs\MiKTeX\tex/generic/babel/locale/invalid\babel-brazil.tex)
Package babel Info: Importing font and identification data for english
(babel)             from babel-en.ini. Reported on input line 4356.
 (C:\Users\henri\AppData\Local\Programs\MiKTeX\tex/latex/babel-english\english.ldf
Language: english 2017/06/06 v3.3r English support from the babel system
Package babel Info: Hyphen rules for 'canadian' set to \l@english
(babel)             (\language0). Reported on input line 102.
Package babel Info: Hyphen rules for 'australian' set to \l@ukenglish
(babel)             (\language73). Reported on input line 105.
Package babel Info: Hyphen rules for 'newzealand' set to \l@ukenglish
(babel)             (\language73). Reported on input line 108.
)

Package babel Warning: Name 'brazil' is deprecated.
(babel)                Use 'brazilian' instead.
(babel)                Reported on input line 4356.

Package babel Info: Importing font and identification data for brazil
(babel)             from babel-pt-BR.ini. Reported on input line 4356.
(C:\Users\henri\AppData\Local\Programs\MiKTeX\tex/latex/babel-portuges\brazilian.ldf
Language: portuges 2026/01/24 v1.2u Portuguese support from the babel system
Package babel Info: Hyphen rules for 'brazil' set to \l@portuguese
(babel)             (\language56). Reported on input line 100.
Package babel Info: Making " an active character on input line 132.
)) (C:\Users\henri\AppData\Local\Programs\MiKTeX\tex/latex/enumitem\enumitem.sty
Package: enumitem 2025/02/06 v3.11 Customized lists
\labelindent=\skip192
\enit@outerparindent=\dimen256
\enit@toks=\toks25
\enit@inbox=\box58
\enit@count@id=\count351
\enitdp@description=\count352
) (C:\Users\henri\AppData\Local\Programs\MiKTeX\tex/latex/tools\calc.sty
Package: calc 2025/03/01 v4.3b Infix arithmetic (KKT,FJ)
\calc@Acount=\count353
\calc@Bcount=\count354
\calc@Adimen=\dimen257
\calc@Bdimen=\dimen258
\calc@Askip=\skip193
\calc@Bskip=\skip194
LaTeX Info: Redefining \setlength on input line 86.
LaTeX Info: Redefining \addtolength on input line 87.
\calc@Ccount=\count355
\calc@Cskip=\skip195
)

******************************************************
Stock height and width: 845.04684pt by 597.50787pt
Top and edge trims: 0pt and 0pt
Page height and width: 845.04684pt by 597.50787pt
Text height and width: 708pt by 455pt
Spine and edge margins: 85.35826pt and 56.9055pt
Upper and lower margins: 85.35826pt and 51.68858pt
Headheight and headsep: 14.5pt and 19.8738pt
Footskip: 30pt
Columnsep and columnseprule: 10pt and 0pt
Marginparsep and marginparwidth: 7pt and 42.9055pt
Sidecapsep and sidecapwidth: 7pt and 92pt
Sidebarhsep and sidebarwidth: 7pt and 92pt
Sidebarvsep and sidebartopsep: 14.5pt and 0pt
Sidebarheight: 590.14995pt
Sidefoothsep and sidefootwidth: 7pt and 92pt
Sidefootvsep and sidefootheight: 14.5pt and 590.14995pt
******************************************************

\c@abntex@bookmarkcounter=\count356
\cftlastnumwidth=\skip196

Class memoir Warning: \settocpreprocessor is marked deprecated and will be
(memoir)              removed in 2026, the problem it tried to solve 
(memoir)              (see manual, section 9.2.3),
(memoir)              has been fixed in the kernel, and the feature is
(memoir)              no longer needed. on input line 483.

\chapternamenumlength=\skip197
\ABNTEXcitacaorecuo=\skip198
\c@alineasi=\count357
\c@alineasii=\count358
\enitdp@alineas=\count359
\c@subalineasi=\count360
\enitdp@subalineas=\count361
\c@incisosi=\count362
\enitdp@incisos=\count363
\ABNTEXsignwidth=\skip199
\ABNTEXsignthickness=\skip256
\ABNTEXsignskip=\skip257
) (C:\Users\henri\AppData\Local\Programs\MiKTeX\tex/latex/cmap\cmap.sty
Package: cmap 2021/02/06 v1.0j CMap support: searchable PDF
) (C:\Users\henri\AppData\Local\Programs\MiKTeX\tex/latex/psnfss\times.sty
Package: times 2020/03/25 PSNFSS-v9.3 (SPQR) 
) (C:\Users\henri\AppData\Local\Programs\MiKTeX\tex/latex/base\fontenc.sty
Package: fontenc 2025/07/18 v2.1d Standard LaTeX package
LaTeX Font Info:    Trying to load font information for T1+ptm on input line 116.
 (C:\Users\henri\AppData\Local\Programs\MiKTeX\tex/latex/psnfss\t1ptm.fd
File: t1ptm.fd 2001/06/04 font definitions for T1/ptm.
)<<t1.cmap>>) (C:\Users\henri\AppData\Local\Programs\MiKTeX\tex/latex/base\inputenc.sty
Package: inputenc 2024/02/08 v1.3d Input encoding file
\inpenc@prehook=\toks26
\inpenc@posthook=\toks27
) (C:\Users\henri\AppData\Local\Programs\MiKTeX\tex/latex/lastpage\lastpage.sty
Package: lastpage 2025/08/14 v2.1h lastpage: 2.09 or 2e? (HMM)
 (C:\Users\henri\AppData\Local\Programs\MiKTeX\tex/latex/lastpage\lastpage2e.sty
Package: lastpage2e 2025/08/14 v2.1h Decide which 2e lastpage version to use (HMM)
 (C:\Users\henri\AppData\Local\Programs\MiKTeX\tex/latex/lastpage\lastpagemodern.sty
Package: lastpagemodern 2025-08-14 v2.1h Refers to last page's name (HMM; JPG)
\c@lastpagecount=\count364
) 
)) (C:\Users\henri\AppData\Local\Programs\MiKTeX\tex/latex/graphics\color.sty
Package: color 2026-05-17 v1.3f Standard LaTeX Color (DPC)
 (C:\Users\henri\AppData\Local\Programs\MiKTeX\tex/latex/graphics-cfg\color.cfg
File: color.cfg 2016/01/02 v1.6 sample color configuration
)
Package color Info: Driver file: pdftex.def on input line 149.
 (C:\Users\henri\AppData\Local\Programs\MiKTeX\tex/latex/graphics-def\pdftex.def
File: pdftex.def 2025/09/29 v1.2d Graphics/color driver for pdftex
) (C:\Users\henri\AppData\Local\Programs\MiKTeX\tex/latex/graphics\mathcolor.ltx)) (C:\Users\henri\AppData\Local\Programs\MiKTeX\tex/latex/graphics\graphicx.sty
Package: graphicx 2026-05-17 v1.2e Enhanced LaTeX Graphics (DPC,SPQR)
 (C:\Users\henri\AppData\Local\Programs\MiKTeX\tex/latex/graphics\graphics.sty
Package: graphics 2026-05-17 v1.4h Standard LaTeX Graphics (DPC,SPQR)
 (C:\Users\henri\AppData\Local\Programs\MiKTeX\tex/latex/graphics\trig.sty
Package: trig 2023/12/02 v1.11 sin cos tan (DPC)
) (C:\Users\henri\AppData\Local\Programs\MiKTeX\tex/latex/graphics-cfg\graphics.cfg
File: graphics.cfg 2016/06/04 v1.11 sample graphics configuration
)
Package graphics Info: Driver file: pdftex.def on input line 106.
)
\Gin@req@height=\dimen259
\Gin@req@width=\dimen260
) (C:\Users\henri\AppData\Local\Programs\MiKTeX\tex/latex/tools\xspace.sty
Package: xspace 2014/10/28 v1.13 Space after command names (DPC,MH)
) (C:\Users\henri\AppData\Local\Programs\MiKTeX\tex/latex/geometry\geometry.sty
Package: geometry 2026/03/07 v6.0 Page Geometry
 (C:\Users\henri\AppData\Local\Programs\MiKTeX\tex/generic/iftex\ifvtex.sty
Package: ifvtex 2019/10/25 v1.7 ifvtex legacy package. Use iftex instead.
)
\Gm@cnth=\count365
\Gm@cntv=\count366
\c@Gm@tempcnt=\count367
\Gm@bindingoffset=\dimen261
\Gm@wd@mp=\dimen262
\Gm@odd@mp=\dimen263
\Gm@even@mp=\dimen264
\Gm@layoutwidth=\dimen265
\Gm@layoutheight=\dimen266
\Gm@layouthoffset=\dimen267
\Gm@layoutvoffset=\dimen268
\Gm@dimlist=\toks28
 (C:\Users\henri\AppData\Local\Programs\MiKTeX\tex/latex/geometry\geometry.cfg)) (C:\Users\henri\AppData\Local\Programs\MiKTeX\tex/latex/amsfonts\amssymb.sty
Package: amssymb 2013/01/14 v3.01 AMS font symbols
 (C:\Users\henri\AppData\Local\Programs\MiKTeX\tex/latex/amsfonts\amsfonts.sty
Package: amsfonts 2013/01/14 v3.01 Basic AMSFonts support
\@emptytoks=\toks29
\symAMSa=\mathgroup4
\symAMSb=\mathgroup5
LaTeX Font Info:    Redeclaring math symbol \hbar on input line 98.
LaTeX Font Info:    Overwriting math alphabet `\mathfrak' in version `bold'
(Font)                  U/euf/m/n --> U/euf/b/n on input line 106.
)) (C:\Users\henri\AppData\Local\Programs\MiKTeX\tex/latex/amsmath\amsmath.sty
Package: amsmath 2026/05/19 v2.18d AMS math features
\@mathmargin=\skip258

For additional information on amsmath, use the `?' option.
(C:\Users\henri\AppData\Local\Programs\MiKTeX\tex/latex/amsmath\amstext.sty
Package: amstext 2024/11/17 v2.01 AMS text
 (C:\Users\henri\AppData\Local\Programs\MiKTeX\tex/latex/amsmath\amsgen.sty
File: amsgen.sty 1999/11/30 v2.0 generic functions
\@emptytoks=\toks30
\ex@=\dimen269
)) (C:\Users\henri\AppData\Local\Programs\MiKTeX\tex/latex/amsmath\amsbsy.sty
Package: amsbsy 1999/11/29 v1.2d Bold Symbols
\pmbraise@=\dimen270
) (C:\Users\henri\AppData\Local\Programs\MiKTeX\tex/latex/amsmath\amsopn.sty
Package: amsopn 2022/04/08 v2.04 operator names
)
\inf@bad=\count368
LaTeX Info: Redefining \frac on input line 233.
\uproot@=\count369
\leftroot@=\count370
LaTeX Info: Redefining \overline on input line 398.
LaTeX Info: Redefining \colon on input line 409.
\classnum@=\count371
\DOTSCASE@=\count372
LaTeX Info: Redefining \ldots on input line 495.
LaTeX Info: Redefining \dots on input line 498.
LaTeX Info: Redefining \cdots on input line 619.
\Mathstrutbox@=\box59
\strutbox@=\box60
LaTeX Info: Redefining \big on input line 721.
LaTeX Info: Redefining \Big on input line 722.
LaTeX Info: Redefining \bigg on input line 723.
LaTeX Info: Redefining \Bigg on input line 724.
\big@size=\dimen271
LaTeX Font Info:    Redeclaring font encoding OML on input line 742.
LaTeX Font Info:    Redeclaring font encoding OMS on input line 743.
\macc@depth=\count373
LaTeX Info: Redefining \bmod on input line 904.
LaTeX Info: Redefining \pmod on input line 909.
LaTeX Info: Redefining \smash on input line 939.
LaTeX Info: Redefining \relbar on input line 969.
LaTeX Info: Redefining \Relbar on input line 970.
\c@MaxMatrixCols=\count374
\dotsspace@=\muskip18
\c@parentequation=\count375
\dspbrk@lvl=\count376
\tag@help=\toks31
\row@=\count377
\column@=\count378
\maxfields@=\count379
\andhelp@=\toks32
\eqnshift@=\dimen272
\alignsep@=\dimen273
\tagshift@=\dimen274
\tagwidth@=\dimen275
\totwidth@=\dimen276
\lineht@=\dimen277
\@envbody=\toks33
\multlinegap=\skip259
\multlinetaggap=\skip260
\mathdisplay@stack=\toks34
LaTeX Info: Redefining \[ on input line 2965.
LaTeX Info: Redefining \] on input line 2966.
) (C:\Users\henri\AppData\Local\Programs\MiKTeX\tex/latex/amscls\amsthm.sty
Package: amsthm 2020/05/29 v2.20.6
\thm@style=\toks35
\thm@bodyfont=\toks36
\thm@headfont=\toks37
\thm@notefont=\toks38
\thm@headpunct=\toks39
\thm@preskip=\skip261
\thm@postskip=\skip262
\thm@headsep=\skip263
\dth@everypar=\toks40
) (C:\Users\henri\AppData\Local\Programs\MiKTeX\tex/latex/fancyvrb\fancyvrb.sty
Package: fancyvrb 2026/04/16 4.6a verbatim text (tvz,hv)
\FV@CodeLineNo=\count380
\FV@InFile=\read4
\FV@TabBox=\box61
\c@FancyVerbLine=\count381
\FV@StepNumber=\count382
\FV@OutFile=\write4
) (C:\Users\henri\AppData\Local\Programs\MiKTeX\tex/latex/acronym\acronym.sty
Package: acronym 2025/01/17 v1.50 Support for acronyms (Tobias Oetiker)
 (C:\Users\henri\AppData\Local\Programs\MiKTeX\tex/latex/bigfoot\suffix.sty
Package: suffix 2006/07/15 1.5a Variant command support
) (C:\Users\henri\AppData\Local\Programs\MiKTeX\tex/latex/xstring\xstring.sty (C:\Users\henri\AppData\Local\Programs\MiKTeX\tex/generic/xstring\xstring.tex
\xs_counta=\count383
\xs_countb=\count384
)
Package: xstring 2023/08/22 v1.86 String manipulations (CT)
)
\AC@clearlist=\toks41
)

Class memoir Warning: The fancyhdr package is not recommended with memoir.
(memoir)              We have our own well integrated interface to handle
(memoir)              headers and footers. See the manual section 7.3
(memoir)              onwards for details. on input line 27.

(C:\Users\henri\AppData\Local\Programs\MiKTeX\tex/latex/fancyhdr\fancyhdr.sty
Package: fancyhdr 2025/02/07 v5.2 Extensive control of page headers and footers
\f@nch@headwidth=\skip264
\f@nch@offset@elh=\skip265
\f@nch@offset@erh=\skip266
\f@nch@offset@olh=\skip267
\f@nch@offset@orh=\skip268
\f@nch@offset@elf=\skip269
\f@nch@offset@erf=\skip270
\f@nch@offset@olf=\skip271
\f@nch@offset@orf=\skip272
\f@nch@height=\skip273
\f@nch@footalignment=\skip274
\f@nch@widthL=\skip275
\f@nch@widthC=\skip276
\f@nch@widthR=\skip277
\@temptokenb=\toks42
) (C:\Users\henri\AppData\Local\Programs\MiKTeX\tex/latex/algorithms\algorithm.sty
Package: algorithm 2009/08/24 v0.1 Document Style `algorithm' - floating environment
 (C:\Users\henri\AppData\Local\Programs\MiKTeX\tex/latex/float\float.sty
Package: float 2001/11/08 v1.3d Float enhancements (AL)
\c@float@type=\count385
\float@exts=\toks43
\float@box=\box62
\@float@everytoks=\toks44
\@floatcapt=\box63
)
\@float@every@algorithm=\toks45
\c@algorithm=\count386
) (C:\Users\henri\AppData\Local\Programs\MiKTeX\tex/latex/algorithms\algorithmic.sty
Package: algorithmic 2009/08/24 v0.1 Document Style `algorithmic'
\c@ALC@unique=\count387
\c@ALC@line=\count388
\c@ALC@rem=\count389
\c@ALC@depth=\count390
\ALC@tlm=\skip278
\algorithmicindent=\skip279
) (C:\Users\henri\AppData\Local\Programs\MiKTeX\tex/latex/colortbl\colortbl.sty
Package: colortbl 2026/05/01 v1.0l Color table columns (DPC)

new hooks used!!
\minrowclearance=\skip280
\rownum=\count391
) (C:\Users\henri\AppData\Local\Programs\MiKTeX\tex/latex/caption\subcaption.sty
Package: subcaption 2023/07/28 v1.6b Sub-captions (AR)
 (C:\Users\henri\AppData\Local\Programs\MiKTeX\tex/latex/caption\caption.sty
Package: caption 2023/08/05 v3.6o Customizing captions (AR)
 (C:\Users\henri\AppData\Local\Programs\MiKTeX\tex/latex/caption\caption3.sty
Package: caption3 2023/07/31 v2.4d caption3 kernel (AR)
\caption@tempdima=\dimen278
\captionmargin=\dimen279
\caption@leftmargin=\dimen280
\caption@rightmargin=\dimen281
\caption@width=\dimen282
\caption@indent=\dimen283
\caption@parindent=\dimen284
\caption@hangindent=\dimen285
Package caption Info: memoir document class detected.
 (C:\Users\henri\AppData\Local\Programs\MiKTeX\tex/latex/caption\caption-memoir.sto
File: caption-memoir.sto 2023/09/08 v2.2c Adaption of the caption package to the memoir document class (AR)
))
\c@caption@flags=\count392
\c@continuedfloat=\count393
Package caption Info: changepage package is loaded.
\caption@adjustwidth@hsize=\dimen286
\caption@adjustwidth@linewidth=\dimen287
Package caption Info: float package is loaded.
Package caption Info: hyperref package is loaded.
)
Package caption Info: New subtype `subfigure' on input line 238.
\c@subfigure=\count394
Package caption Info: New subtype `subtable' on input line 238.
\c@subtable=\count395
) (abntex2cite.sty
Package: abntex2cite 2018/11/24 v-1.9.7 abnTeX2
 (abntex2abrev.sty)
\minimumbiblabelwidth=\skip281
\ABCIauxlen=\skip282
\c@ABCIaux=\count396
\c@ABCImax=\count397
 (C:\Users\henri\AppData\Local\Programs\MiKTeX\tex/generic/iftex\ifpdf.sty
Package: ifpdf 2019/10/25 v3.4 ifpdf legacy package. Use iftex instead.
) (C:\Users\henri\AppData\Local\Programs\MiKTeX\tex/generic/iftex\ifxetex.sty
Package: ifxetex 2019/10/25 v0.7 ifxetex legacy package. Use iftex instead.
) (C:\Users\henri\AppData\Local\Programs\MiKTeX\tex/latex/relsize\relsize.sty
Package: relsize 2013/03/29 ver 4.1
)
\biblabelsep=\skip283
LaTeX Info: Redefining \newblock on input line 591.
LaTeX Info: Redefining \cite on input line 618.
\ABCItoken=\toks46
)
Package hyperref Info: Option `colorlinks' set `true' on input line 107.
\monografia_bcc@idxfile=\write5
\openout5 = `monografia_bcc.idx'.


Writing index file monografia_bcc.idx 

LaTeX Warning: Unused global option(s):
    [Times].

(monografia_bcc.aux
Package babel Info: 'brazil' activates 'portuges' shorthands.
(babel)             Reported on input line 13.
)
\openout1 = `monografia_bcc.aux'.

LaTeX Font Info:    Checking defaults for OML/cmm/m/it on input line 128.
LaTeX Font Info:    ... okay on input line 128.
LaTeX Font Info:    Checking defaults for OMS/cmsy/m/n on input line 128.
LaTeX Font Info:    ... okay on input line 128.
LaTeX Font Info:    Checking defaults for OT1/cmr/m/n on input line 128.
LaTeX Font Info:    ... okay on input line 128.
LaTeX Font Info:    Checking defaults for T1/cmr/m/n on input line 128.
LaTeX Font Info:    ... okay on input line 128.
LaTeX Font Info:    Checking defaults for TS1/cmr/m/n on input line 128.
LaTeX Font Info:    ... okay on input line 128.
LaTeX Font Info:    Checking defaults for OMX/cmex/m/n on input line 128.
LaTeX Font Info:    ... okay on input line 128.
LaTeX Font Info:    Checking defaults for U/cmr/m/n on input line 128.
LaTeX Font Info:    ... okay on input line 128.
LaTeX Font Info:    Checking defaults for PD1/pdf/m/n on input line 128.
LaTeX Font Info:    ... okay on input line 128.
LaTeX Font Info:    Checking defaults for PU/pdf/m/n on input line 128.
LaTeX Font Info:    ... okay on input line 128.
Package hyperref Info: Link coloring ON on input line 128.
\myptabbox=\box64
\myptabboxwidth=\skip284
 (C:\Users\henri\AppData\Local\Programs\MiKTeX\tex/context/base/mkii\supp-pdf.mkii
[Loading MPS to PDF converter (version 2006.09.02).]
\scratchcounter=\count398
\scratchdimen=\dimen288
\scratchbox=\box65
\nofMPsegments=\count399
\nofMParguments=\count400
\everyMPshowfont=\toks47
\MPscratchCnt=\count401
\MPscratchDim=\dimen289
\MPnumerator=\count402
\makeMPintoPDFobject=\count403
\everyMPtoPDFconversion=\toks48
) (C:\Users\henri\AppData\Local\Programs\MiKTeX\tex/latex/epstopdf-pkg\epstopdf-base.sty
Package: epstopdf-base 2020-01-24 v2.11 Base part for package epstopdf
Package epstopdf-base Info: Redefining graphics rule for `.eps' on input line 485.
 (C:\Users\henri\AppData\Local\Programs\MiKTeX\tex/latex/00miktex\epstopdf-sys.cfg
File: epstopdf-sys.cfg 2021/03/18 v2.0 Configuration of epstopdf for MiKTeX
))
*geometry* driver: auto-detecting
*geometry* detected driver: pdftex
*geometry* verbose mode - [ preamble ] result:
* driver: pdftex
* paper: a4paper
* layout: <same size as paper>
* layoutoffset:(h,v)=(0.0pt,0.0pt)
* modes: twoside 
* h-part:(L,W,R)=(65.44133pt, 466.62521pt, 65.44133pt)
* v-part:(T,H,B)=(85.35826pt, 694.24725pt, 65.44133pt)
* \paperwidth=597.50787pt
* \paperheight=845.04684pt
* \textwidth=466.62521pt
* \textheight=694.24725pt
* \oddsidemargin=-6.82866pt
* \evensidemargin=-6.82866pt
* \topmargin=-21.28552pt
* \headheight=14.5pt
* \headsep=19.8738pt
* \topskip=12.0pt
* \footskip=30.0pt
* \marginparwidth=42.9055pt
* \marginparsep=7.0pt
* \columnsep=10.0pt
* \skip\footins=12.0pt plus 4.0pt minus 4.0pt
* \hoffset=0.0pt
* \voffset=0.0pt
* \mag=1000
* \@twocolumnfalse
* \@twosidetrue
* \@mparswitchtrue
* \@reversemarginfalse
* (1in=72.27pt=25.4mm, 1cm=28.453pt)

Package caption Info: Begin \AtBeginDocument code.
Package caption Info: End \AtBeginDocument code.
<logo-unifesp.pdf, id=4, 845.1575pt x 597.23125pt>
File: logo-unifesp.pdf Graphic file (type pdf)
<use logo-unifesp.pdf>
Package pdftex.def Info: logo-unifesp.pdf  used on input line 142.
(pdftex.def)             Requested size: 116.6563pt x 82.42711pt.
LaTeX Font Info:    Trying to load font information for T1+phv on input line 145.
(C:\Users\henri\AppData\Local\Programs\MiKTeX\tex/latex/psnfss\t1phv.fd
File: t1phv.fd 2020/03/25 scalable font definitions for T1/phv.
) [1

{C:/Users/henri/AppData/Local/MiKTeX/fonts/map/pdftex/pdftex.map}{C:/Users/henri/AppData/Local/Programs/MiKTeX/fonts/enc/dvips/base/8r.enc} <./logo-unifesp.pdf, page is rotated 90 degrees>] [2

]<<ot1.cmap>><<oml.cmap>><<oms.cmap>><<omx.cmap>>
LaTeX Font Info:    Trying to load font information for U+msa on input line 161.
 (C:\Users\henri\AppData\Local\Programs\MiKTeX\tex/latex/amsfonts\umsa.fd
File: umsa.fd 2013/01/14 v3.01 AMS symbols A
)
LaTeX Font Info:    Trying to load font information for U+msb on input line 161.
 (C:\Users\henri\AppData\Local\Programs\MiKTeX\tex/latex/amsfonts\umsb.fd
File: umsb.fd 2013/01/14 v3.01 AMS symbols B
)
pdfTeX warning (ext4): destination with the same identifier (name{page.1}) has been already used, duplicate ignored
<to be read again> 
                   \relax 
l.161 
       [1


]
LaTeX Font Info:    Trying to load font information for TS1+ptm on input line 191.
 (C:\Users\henri\AppData\Local\Programs\MiKTeX\tex/latex/psnfss\ts1ptm.fd
File: ts1ptm.fd 2001/06/04 font definitions for TS1/ptm.
)
pdfTeX warning (ext4): destination with the same identifier (name{page.2}) has been already used, duplicate ignored
<to be read again> 
                   \relax 
l.202 \end{folhadeaprovacao}
                             [2

] [3

] [4

] [5

] [6

] [7] [8

] [9] [10

] [11] [12

] (monografia_bcc.lof) [13] [14

]
Overfull \hbox (3.26671pt too wide) in paragraph at lines 322--323
[]\T1/ptm/m/n/12 Localização e Ma-pe-a-mento Si-mul-tâ-neos (Si-mul-ta-ne-ous Lo-ca-li-za-tion and Map-
 []


Overfull \hbox (12.59116pt too wide) in paragraph at lines 325--326
[]\T1/ptm/m/n/12 Transmissor/Receptor As-sín-crono Uni-ver-sal (Uni-ver-sal Asyn-ch-ro-nous Receiver-
 []

[15

] [16] (monografia_bcc.toc [17

]) [18]
Cap\'{\i }tulo 1.

Underfull \vbox (badness 10000) has occurred while \output is active []

 [19


]
Package babel Info: 'brazil' activates 'portuges' shorthands.
(babel)             Reported on input line 389.
 [20] [21] [22

]
Cap\'{\i }tulo 2.

Underfull \vbox (badness 10000) has occurred while \output is active []

 [23] [24]
Cap\'{\i }tulo 3.
[25

]
<imagens/esp32_pinout.png, id=347, 760.8425pt x 469.755pt>
File: imagens/esp32_pinout.png Graphic file (type png)
<use imagens/esp32_pinout.png>
Package pdftex.def Info: imagens/esp32_pinout.png  used on input line 441.
(pdftex.def)             Requested size: 373.30159pt x 230.49019pt.
 [26 <./imagens/esp32_pinout.png>] [27]
<imagens/ponteH_rotacao_horaria.png, id=361, 332.24126pt x 491.8375pt>
File: imagens/ponteH_rotacao_horaria.png Graphic file (type png)
<use imagens/ponteH_rotacao_horaria.png>
Package pdftex.def Info: imagens/ponteH_rotacao_horaria.png  used on input line 481.
(pdftex.def)             Requested size: 156.78398pt x 232.09425pt.
<imagens/ponteH_rotacao_anti_horaria.png, id=362, 249.93375pt x 371.88937pt>
File: imagens/ponteH_rotacao_anti_horaria.png Graphic file (type png)
<use imagens/ponteH_rotacao_anti_horaria.png>
Package pdftex.def Info: imagens/ponteH_rotacao_anti_horaria.png  used on input line 488.
(pdftex.def)             Requested size: 156.78398pt x 233.29282pt.

Underfull \vbox (badness 3713) has occurred while \output is active []

 [28]
LaTeX Font Info:    Trying to load font information for T1+pcr on input line 505.
 (C:\Users\henri\AppData\Local\Programs\MiKTeX\tex/latex/psnfss\t1pcr.fd
File: t1pcr.fd 2001/06/04 font definitions for T1/pcr.
) [29 <./imagens/ponteH_rotacao_horaria.png> <./imagens/ponteH_rotacao_anti_horaria.png>]
<imagens/qmc5883l_modulo.jpg, id=382, 1204.5pt x 1204.5pt>
File: imagens/qmc5883l_modulo.jpg Graphic file (type jpg)
<use imagens/qmc5883l_modulo.jpg>
Package pdftex.def Info: imagens/qmc5883l_modulo.jpg  used on input line 532.
(pdftex.def)             Requested size: 256.64528pt x 256.64668pt.
 [30 <./imagens/qmc5883l_modulo.jpg>]
<imagens/VL53L0X.png, id=395, 1027.84pt x 1027.84pt>
File: imagens/VL53L0X.png Graphic file (type png)
<use imagens/VL53L0X.png>
Package pdftex.def Info: imagens/VL53L0X.png  used on input line 545.
(pdftex.def)             Requested size: 233.3126pt x 233.30856pt.

Underfull \vbox (badness 10000) has occurred while \output is active []

 [31 <./imagens/VL53L0X.png>] [32]
<imagens/grid_mapping_basics.png, id=422, 963.6pt x 542.025pt>
File: imagens/grid_mapping_basics.png Graphic file (type png)
<use imagens/grid_mapping_basics.png>
Package pdftex.def Info: imagens/grid_mapping_basics.png  used on input line 602.
(pdftex.def)             Requested size: 419.95984pt x 236.22557pt.
 [33] [34 <./imagens/grid_mapping_basics.png (PNG copy)>]
Cap\'{\i }tulo 4.
<imagens/arquitetura_sistema.png, id=440, 1445.4pt x 813.0375pt>
File: imagens/arquitetura_sistema.png Graphic file (type png)
<use imagens/arquitetura_sistema.png>
Package pdftex.def Info: imagens/arquitetura_sistema.png  used on input line 635.
(pdftex.def)             Requested size: 443.29253pt x 249.34692pt.
[35

]
Underfull \vbox (badness 7667) has occurred while \output is active []

 [36 <./imagens/arquitetura_sistema.png>]
<imagens/Protoboard_ESPCar_v2.png, id=453, 1206.909pt x 1157.123pt>
File: imagens/Protoboard_ESPCar_v2.png Graphic file (type png)
<use imagens/Protoboard_ESPCar_v2.png>
Package pdftex.def Info: imagens/Protoboard_ESPCar_v2.png  used on input line 663.
(pdftex.def)             Requested size: 349.9689pt x 335.53941pt.

Overfull \hbox (24.823pt too wide) in paragraph at lines 671--672
[]\T1/ptm/m/n/12 Também fo-ram ob-ser-va-das li-mi-ta-ções prá-ti-cas as-so-ci-a-das ao uso do mag-ne-tô-me-tro QMC5883L.
 []

[37]
<imagens/Imagem_Carrinho_Acrilico.png, id=461, 602.25pt x 602.25pt>
File: imagens/Imagem_Carrinho_Acrilico.png Graphic file (type png)
<use imagens/Imagem_Carrinho_Acrilico.png>
Package pdftex.def Info: imagens/Imagem_Carrinho_Acrilico.png  used on input line 681.
(pdftex.def)             Requested size: 349.9689pt x 349.98526pt.

Underfull \vbox (badness 10000) has occurred while \output is active []

 [38 <./imagens/Protoboard_ESPCar_v2.png>] [39 <./imagens/Imagem_Carrinho_Acrilico.png>]
Underfull \vbox (badness 1968) has occurred while \output is active []

 [40]
Underfull \hbox (badness 2261) in paragraph at lines 727--728
[]|\T1/ptm/m/n/12 Comunicação I2C com sen-so-res como QMC5883L e
 []


Underfull \hbox (badness 3758) in paragraph at lines 729--730
[]|\T1/ptm/m/n/12 Infraestrutura de exe-cu-ção con-cor-rente dis-po-ní-vel no
 []

[41] [42] [43] [44]
<imagens/Diagrama_PID_Velocidade.png, id=513, 1927.2pt x 500.87125pt>
File: imagens/Diagrama_PID_Velocidade.png Graphic file (type png)
<use imagens/Diagrama_PID_Velocidade.png>
Package pdftex.def Info: imagens/Diagrama_PID_Velocidade.png  used on input line 849.
(pdftex.def)             Requested size: 419.95984pt x 109.14496pt.
 [45]
<imagens/Diagrama_PID_orientacao.png, id=522, 1084.05pt x 609.27625pt>
File: imagens/Diagrama_PID_orientacao.png Graphic file (type png)
<use imagens/Diagrama_PID_orientacao.png>
Package pdftex.def Info: imagens/Diagrama_PID_orientacao.png  used on input line 875.
(pdftex.def)             Requested size: 443.29253pt x 249.1448pt.
 [46 <./imagens/Diagrama_PID_Velocidade.png> <./imagens/Diagrama_PID_orientacao.png>] [47] [48]
<imagens/a_star_example.png, id=554, 301.125pt x 216.81pt>
File: imagens/a_star_example.png Graphic file (type png)
<use imagens/a_star_example.png>
Package pdftex.def Info: imagens/a_star_example.png  used on input line 954.
(pdftex.def)             Requested size: 233.3126pt x 167.99292pt.

Underfull \vbox (badness 10000) has occurred while \output is active []

 [49] [50 <./imagens/a_star_example.png>] [51]
<imagens/Teste_Grid.jpg, id=570, 4015.0pt x 1854.93pt>
File: imagens/Teste_Grid.jpg Graphic file (type jpg)
<use imagens/Teste_Grid.jpg>
Package pdftex.def Info: imagens/Teste_Grid.jpg  used on input line 1020.
(pdftex.def)             Requested size: 419.95984pt x 193.99504pt.
 [52] [53 <./imagens/Teste_Grid.jpg>] [54] [55]
Underfull \hbox (badness 10000) in paragraph at lines 1116--1116
[]|\T1/ptm/m/n/12 Deslocamento
 []


Underfull \hbox (badness 10000) in paragraph at lines 1116--1116
[]|\T1/ptm/m/n/12 Verificar avanço em
 []


Underfull \hbox (badness 10000) in paragraph at lines 1118--1118
[]|\T1/ptm/m/n/12 Navegação com
 []


Underfull \hbox (badness 10000) in paragraph at lines 1122--1122
[]|\T1/ptm/m/n/12 Navegação em
 []


Underfull \hbox (badness 10000) in paragraph at lines 1122--1122
\T1/ptm/m/n/12 grade com A*
 []


Underfull \hbox (badness 1112) in paragraph at lines 1122--1122
[]|\T1/ptm/m/n/12 Avaliar o pla-ne-ja-mento
 []

[56] [57] [58

]
Cap\'{\i }tulo 5.
<imagens/Prototipo_Visao_Superior.jpg, id=615, 3019.28pt x 1854.93pt>
File: imagens/Prototipo_Visao_Superior.jpg Graphic file (type jpg)
<use imagens/Prototipo_Visao_Superior.jpg>
Package pdftex.def Info: imagens/Prototipo_Visao_Superior.jpg  used on input line 1154.
(pdftex.def)             Requested size: 349.9689pt x 214.99655pt.

Underfull \vbox (badness 10000) has occurred while \output is active []

 [59]
<imagens/Prototipo_Visao_Frontal_Interna.jpg, id=622, 4015.0pt x 1854.93pt>
File: imagens/Prototipo_Visao_Frontal_Interna.jpg Graphic file (type jpg)
<use imagens/Prototipo_Visao_Frontal_Interna.jpg>
Package pdftex.def Info: imagens/Prototipo_Visao_Frontal_Interna.jpg  used on input line 1167.
(pdftex.def)             Requested size: 201.57892pt x 93.11987pt.
<imagens/Prototipo_Visao_Traseira_Superior.jpg, id=623, 1726.19907pt x 1382.91656pt>
File: imagens/Prototipo_Visao_Traseira_Superior.jpg Graphic file (type jpg)
<use imagens/Prototipo_Visao_Traseira_Superior.jpg>
Package pdftex.def Info: imagens/Prototipo_Visao_Traseira_Superior.jpg  used on input line 1173.
(pdftex.def)             Requested size: 201.57892pt x 161.49039pt.

Underfull \vbox (badness 10000) has occurred while \output is active []

 [60 <./imagens/Prototipo_Visao_Superior.jpg> <./imagens/Prototipo_Visao_Frontal_Interna.jpg> <./imagens/Prototipo_Visao_Traseira_Superior.jpg>]
<imagens/mapa_utilizado_7x7.png, id=630, 616.55344pt x 523.9575pt>
File: imagens/mapa_utilizado_7x7.png Graphic file (type png)
<use imagens/mapa_utilizado_7x7.png>
Package pdftex.def Info: imagens/mapa_utilizado_7x7.png  used on input line 1194.
(pdftex.def)             Requested size: 303.30353pt x 257.75677pt.
 [61 <./imagens/mapa_utilizado_7x7.png>] [62]
Underfull \hbox (badness 10000) in paragraph at lines 1283--1283
[]|\T1/ptm/m/n/12 Giro com
 []


Underfull \hbox (badness 10000) in paragraph at lines 1283--1283
\T1/ptm/m/n/12 QMC5883L como
 []


Underfull \hbox (badness 10000) in paragraph at lines 1284--1284
[]|\T1/ptm/m/n/12 Giro por en-co-der
 []


Underfull \hbox (badness 3942) in paragraph at lines 1284--1284
\T1/ptm/m/n/12 ha-via com-ple-tado $\OT1/cmr/m/n/12 90[]$\T1/ptm/m/n/12 ,
 []


Underfull \hbox (badness 10000) in paragraph at lines 1285--1285
[]|\T1/ptm/m/n/12 Giro por en-co-
 []


Underfull \hbox (badness 10000) in paragraph at lines 1285--1285
\T1/ptm/m/n/12 der com \T1/pcr/m/n/12 TURN_
 []


Underfull \hbox (badness 5203) in paragraph at lines 1285--1285
[]|\T1/ptm/m/n/12 Estimativa an-gu-lar in-
 []


Underfull \hbox (badness 1052) in paragraph at lines 1285--1285
\T1/ptm/m/n/12 terna mais pró-xima do
 []

[63]
Overfull \hbox (46.23192pt too wide) in paragraph at lines 1292--1293
[]\T1/ptm/m/n/12 A Ta-bela [][]5[][] apre-senta um exem-plo de ca-li-bra-ção an-gu-lar com a cons-tante \T1/pcr/m/n/12 TURN_ENCODER_SCALE\T1/ptm/m/n/12 .
 []

[64]
<imagens/Interface_Controle.png, id=660, 923.70094pt x 810.02625pt>
File: imagens/Interface_Controle.png Graphic file (type png)
<use imagens/Interface_Controle.png>
Package pdftex.def Info: imagens/Interface_Controle.png  used on input line 1342.
(pdftex.def)             Requested size: 419.95984pt x 368.27823pt.

Underfull \vbox (badness 10000) has occurred while \output is active []

 [65]
<imagens/Interface_WebTerminal.png, id=668, 917.67844pt x 779.91376pt>
File: imagens/Interface_WebTerminal.png Graphic file (type png)
<use imagens/Interface_WebTerminal.png>
Package pdftex.def Info: imagens/Interface_WebTerminal.png  used on input line 1353.
(pdftex.def)             Requested size: 419.95984pt x 356.9201pt.

Underfull \vbox (badness 10000) has occurred while \output is active []

 [66 <./imagens/Interface_Controle.png>] [67 <./imagens/Interface_WebTerminal.png>] [68]
Underfull \hbox (badness 10000) in paragraph at lines 1433--1433
[]|\T1/ptm/m/n/12 Deslocamento li-
 []


Underfull \hbox (badness 10000) in paragraph at lines 1434--1434
[]|\T1/ptm/m/n/12 Controle por en-co-der
 []


Underfull \hbox (badness 10000) in paragraph at lines 1434--1434
\T1/ptm/m/n/12 tornou-se mais con-
 []


Underfull \hbox (badness 10000) in paragraph at lines 1434--1434
\T1/ptm/m/n/12 fi-á-vel após uso de
 []


Underfull \hbox (badness 7944) in paragraph at lines 1434--1435
[]|\T1/ptm/m/n/12 Funcional em de-sen-vol-vi-
 []


Underfull \hbox (badness 10000) in paragraph at lines 1434--1435
\T1/ptm/m/n/12 mento; fase fina pre-cisa
 []


Underfull \hbox (badness 5203) in paragraph at lines 1435--1435
[]|\T1/ptm/m/n/12 Leituras ins-tá-veis du-rante
 []


Underfull \hbox (badness 1077) in paragraph at lines 1436--1436
\T1/ptm/m/n/12 peu os mo-to-res e abor-tou
 []


Underfull \hbox (badness 2781) in paragraph at lines 1438--1438
[]|\T1/ptm/m/n/12 Permitiu con-trole, te-le-me-
 []

[69] [70

]
Cap\'{\i }tulo 6.

Underfull \vbox (badness 10000) has occurred while \output is active []

 [71]
Underfull \vbox (badness 10000) has occurred while \output is active []

 [72] [73] (monografia_bcc.bbl [74]
bibitemlist
[75

]) [76]
\tf@lof=\write6
\openout6 = `monografia_bcc.lof'.

\tf@toc=\write7
\openout7 = `monografia_bcc.toc'.

 
enddocument/afterlastpage (AED): lastpage setting LastPage.
(monografia_bcc.aux)
 ***********
LaTeX2e <2026-06-01>
L3 programming layer <2020/03/25>
 ***********
 ) 
Here is how much of TeX's memory you used:
 21112 strings out of 467509
 345342 string characters out of 5408780
 808853 words of memory out of 5000000
 49762 multiletter control sequences out of 15000+600000
 681546 words of font info for 98 fonts, out of 8000000 for 9000
 1141 hyphenation exceptions out of 8191
 99i,14n,107p,1577b,791s stack positions out of 10000i,1000n,20000p,200000b,200000s
<C:/Users/henri/AppData/Local/Programs/MiKTeX/fonts/type1/public/amsfonts/cm/cmex10.pfb><C:/Users/henri/AppData/Local/Programs/MiKTeX/fonts/type1/public/amsfonts/cm/cmmi12.pfb><C:/Users/henri/AppData/Local/Programs/MiKTeX/fonts/type1/public/amsfonts/cm/cmmi8.pfb><C:/Users/henri/AppData/Local/Programs/MiKTeX/fonts/type1/public/amsfonts/cm/cmr12.pfb><C:/Users/henri/AppData/Local/Programs/MiKTeX/fonts/type1/public/amsfonts/cm/cmr8.pfb><C:/Users/henri/AppData/Local/Programs/MiKTeX/fonts/type1/public/amsfonts/cm/cmsy10.pfb><C:/Users/henri/AppData/Local/Programs/MiKTeX/fonts/type1/public/amsfonts/cm/cmsy8.pfb><C:/Users/henri/AppData/Local/Programs/MiKTeX/fonts/type1/urw/courier/ucrb8a.pfb><C:/Users/henri/AppData/Local/Programs/MiKTeX/fonts/type1/urw/courier/ucrr8a.pfb><C:/Users/henri/AppData/Local/Programs/MiKTeX/fonts/type1/urw/helvetic/uhvb8a.pfb><C:/Users/henri/AppData/Local/Programs/MiKTeX/fonts/type1/urw/helvetic/uhvr8a.pfb><C:/Users/henri/AppData/Local/Programs/MiKTeX/fonts/type1/urw/times/utmb8a.pfb><C:/Users/henri/AppData/Local/Programs/MiKTeX/fonts/type1/urw/times/utmr8a.pfb><C:/Users/henri/AppData/Local/Programs/MiKTeX/fonts/type1/urw/times/utmri8a.pfb>
Output written on monografia_bcc.pdf (78 pages, 10760260 bytes).
PDF statistics:
 1009 PDF objects out of 1200 (max. 8388607)
 221 named destinations out of 1000 (max. 500000)
 537 words of extra memory for PDF output out of 10000 (max. 10000000)

